// Jest Snapshot v1, https://goo.gl/fbAQLP

exports[`FormField Snapshot test FormField Snapshot test Render 1`] = `
<div
  className="field"
>
  <label>
    <div>
      label
    </div>
    <input
      name="name"
      type="type"
    />
  </label>
</div>
`;
