// Jest Snapshot v1, https://goo.gl/fbAQLP

exports[`Render Form component 1`] = `
<div
  className="sc-bdnylx leTbsp"
>
  <div
    className="sc-gtssRu brhlVN"
  >
    <div
      className="sc-hKFyIo dJqfuM"
    >
      <img
<<<<<<< HEAD
        alt="Logotipo Skambo"
=======
        alt="card"
>>>>>>> Dev
        src="register-icon.svg"
      />
    </div>
    <div
      className="sc-dlnjPT cOIIvD"
    >
      <img
        className="sc-gKAblj kwtwHG"
        src="logotipo.png"
      />
      <form
        className="ui form"
        onSubmit={[Function]}
      >
        <div
          className="required field"
        >
          <label>
<<<<<<< HEAD
            <div>
              E-Mail
            </div>
            <input
              name="email"
              placeholder="Digite seu E-Mail"
            />
          </label>
=======
            E-Mail
          </label>
          <input
            name="email"
            placeholder="Digite seu E-Mail"
          />
>>>>>>> Dev
        </div>
        <div
          className="required field"
        >
          <label>
<<<<<<< HEAD
            <div>
              Senha
            </div>
            <input
              name="password"
              placeholder="Digite sua Senha"
              type="password"
            />
          </label>
=======
            Senha
          </label>
          <input
            name="password"
            placeholder="Digite sua Senha"
            type="password"
          />
>>>>>>> Dev
        </div>
        <button
          className="sc-eCApGN bqMDhY"
          type="submit"
        >
          Fazer Login
        </button>
      </form>
      <a />
      <span
        className="sc-iCoHVE ccpwEu"
      >
        
      </span>
    </div>
  </div>
</div>
`;
